@PROPERTIES
  --_bg                  <color>      inherit  = oklch(97% 0.018 220)  css/style.css:218
  --_bg-chromatic        <number>     local  = 0  css/style.css:225
  --_bg-clamped          <number>     local  = 0  css/style.css:224
  --_bg-curved           <number>     local  = 0  css/style.css:227
  --_bg-effective        <number>     local  = 0  css/style.css:226
  --_c                   <number>     local  = 0.018  css/style.css:230
  --_chroma-present      <number>     local  = 0  css/style.css:244
  --_fg-c                <number>     local  = 0.02  css/style.css:241
  --_fg-effective        <number>     local  = -1  css/style.css:247
  --_fg-l                <percentage> local  = 4%  css/style.css:240
  --_fg-neg              <number>     local  = 1  css/style.css:234
  --_fg-onpos            <number>     local  = 0  css/style.css:236
  --_fg-pole             <percentage> local  = 4%  css/style.css:237
  --_fg-pos              <number>     local  = 0  css/style.css:233
  --_fg-pos-curved       <number>     local  = 0  css/style.css:235
  --_fg-ramp-c           <number>     local  = 0.05  css/style.css:239
  --_fg-ramp-l           <percentage> local  = 90%  css/style.css:238
  --_flip-threshold      <percentage> local  = 55%  css/style.css:243
  --_floor               <number>     local  = 0.08  css/style.css:228
  --_h                   <number>     local  = 220  css/style.css:219
  --_interact-bg         <number>     local  = 0  css/style.css:245
  --_interact-fg-mul     <number>     local  = 1  css/style.css:246
  --_l                   <percentage> local  = 97%  css/style.css:229
  --_loud-c              <number>     local  = 0.22  css/style.css:232
  --_loud-l              <percentage> local  = 50%  css/style.css:231
  --_surf-bot            <number>     local  = 90  css/style.css:221
  --_surf-dark           <number>     local  = 0  css/style.css:242
  --_surf-l              <percentage> inherit  = 97%  css/style.css:223
  --_surf-top            <number>     local  = 97  css/style.css:220
  --_t-stage             <number>     local  = 0  css/style.css:222
  --bg                   <number>     inherit  = 0  css/style.css:182
  --cfg-active-bg-shift  <number>     inherit  = -0.06  css/style.css:211
  --cfg-active-fg-mul    <number>     inherit  = 0.7  css/style.css:212
  --cfg-bg-loud          <number>     inherit  = 0.55  css/style.css:440
  --cfg-color-alpha      <number>     inherit  = 1  css/style.css:198
  --cfg-color-loud-c-dark <number>     inherit  = 0.22  css/style.css:195
  --cfg-color-loud-c-light <number>     inherit  = 0.22  css/style.css:193
  --cfg-color-loud-l-dark <percentage> inherit  = 70%  css/style.css:194
  --cfg-color-loud-l-light <percentage> inherit  = 50%  css/style.css:192
  --cfg-color-surf-chroma <number>     inherit  = 0.018  css/style.css:196
  --cfg-dark             <number>     inherit  = 0  css/style.css:189
  --cfg-fg-flip          <number>     inherit  = 0.55  css/style.css:207
  --cfg-fg-tint          <number>     inherit  = 0.02  css/style.css:197
  --cfg-fluid-max-vp     <length>     inherit  = 1280px  css/style.css:403
  --cfg-fluid-min-vp     <length>     inherit  = 320px  css/style.css:402
  --cfg-hover-bg-shift   <number>     inherit  = 0.12  css/style.css:210
  --cfg-motion           <number>     inherit  = 1  css/style.css:26
  --cfg-radius           <length>     inherit  = 6px  css/style.css:25
  --cfg-surf-bot-dark    <number>     inherit  = 10  css/style.css:204
  --cfg-surf-bot-light   <number>     inherit  = 90  css/style.css:202
  --cfg-surf-top-dark    <number>     inherit  = 28  css/style.css:203
  --cfg-surf-top-light   <number>     inherit  = 97  css/style.css:201
  --cfg-type-max-ratio   <number>     inherit  = 1.28  css/style.css:405
  --cfg-type-min-ratio   <number>     inherit  = 1.2  css/style.css:404
  --depth                <number>     local  = 0  css/style.css:215
  --fg                   <number>     inherit  = -1  css/style.css:183
  --hue                  <number>     inherit  = 220  css/style.css:184
  --hue-lock             *            inherit  = None  css/style.css:185
  --hue-shift            <number>     inherit  = 0  css/style.css:186
  --scale                <number>     inherit  = 1  css/style.css:406
  --type                 <number>     local  = 0  css/style.css:407

LAYERS
    1. reset.fix                    ✓
    2. reset.opinion                ✓
    3. core.color                   ✓
    4. core.type                    ✓
    5. theme                        ✓
    6. layout.page                  ✓
    7. layout.composition           ✓
    8. component.base               ✓
    9. component.simple             ✓
   10. component.complex            ✓
   11. utility.layout               ✓
   12. utility.exceptions           ✓
   13. utility.important            ✓

VARIABLES
  74 declared & used
    ok    --Border
    ok    --_bg
    ok    --_bg-chromatic
    ok    --_bg-clamped
    ok    --_bg-curved
    ok    --_bg-effective
    ok    --_c
    ok    --_chroma-present
    ok    --_dim
    ok    --_dur
    ok    --_fg-c
    ok    --_fg-effective
    ok    --_fg-l
    ok    --_fg-neg
    ok    --_fg-onpos
    ok    --_fg-pole
    ok    --_fg-pos
    ok    --_fg-pos-curved
    ok    --_fg-ramp-c
    ok    --_fg-ramp-l
    ok    --_flip-threshold
    ok    --_floor
    ok    --_glass-shadow
    ok    --_h
    ok    --_interact-bg
    ok    --_interact-fg-mul
    ok    --_l
    ok    --_loud-c
    ok    --_loud-l
    ok    --_surf-bot
    ok    --_surf-dark
    ok    --_surf-l
    ok    --_surf-top
    ok    --_t-max
    ok    --_t-min
    ok    --_t-stage
    ok    --_translate-closed
    ok    --bg
    ok    --border
    ok    --cfg-active-bg-shift
    ok    --cfg-active-fg-mul
    ok    --cfg-bg-loud
    ok    --cfg-color-alpha
    ok    --cfg-color-loud-c-dark
    ok    --cfg-color-loud-c-light
    ok    --cfg-color-loud-l-dark
    ok    --cfg-color-loud-l-light
    ok    --cfg-color-surf-chroma
    ok    --cfg-dark
    ok    --cfg-fg-flip
    ok    --cfg-fg-tint
    ok    --cfg-fluid-max-vp
    ok    --cfg-fluid-min-vp
    ok    --cfg-hover-bg-shift
    ok    --cfg-motion
    ok    --cfg-radius
    ok    --cfg-surf-bot-dark
    ok    --cfg-surf-bot-light
    ok    --cfg-surf-top-dark
    ok    --cfg-surf-top-light
    ok    --cfg-type-max
    ok    --cfg-type-max-ratio
    ok    --cfg-type-min
    ok    --cfg-type-min-ratio
    ok    --depth
    ok    --fg
    ok    --font-mono
    ok    --font-ui
    ok    --hue
    ok    --hue-lock
    ok    --hue-shift
    ok    --scale
    ok    --sep
    ok    --type
  0 declared, never used
  2 used, never declared
    MISSING --color
    MISSING --grid-min

ISSUES
  [WRN] :0 variable '--color' used but never declared
  [WRN] :0 variable '--grid-min' used but never declared